{
  "exclude": {
    "files": "^.secrets.baseline$|package-lock\\.json$",
    "lines": null
  },
  "generated_at": "2026-04-22T16:05:27Z",
  "plugins_used": [
    {
      "name": "AWSKeyDetector"
    },
    {
      "name": "ArtifactoryDetector"
    },
    {
      "name": "AzureStorageKeyDetector"
    },
    {
      "base64_limit": 4.5,
      "name": "Base64HighEntropyString"
    },
    {
      "name": "BasicAuthDetector"
    },
    {
      "name": "BoxDetector"
    },
    {
      "name": "CloudantDetector"
    },
    {
      "ghe_instance": "github.ibm.com",
      "name": "GheDetector"
    },
    {
      "name": "GitHubTokenDetector"
    },
    {
      "hex_limit": 3,
      "name": "HexHighEntropyString"
    },
    {
      "name": "IbmCloudIamDetector"
    },
    {
      "name": "IbmCosHmacDetector"
    },
    {
      "name": "JwtTokenDetector"
    },
    {
      "keyword_exclude": null,
      "name": "KeywordDetector"
    },
    {
      "name": "MailchimpDetector"
    },
    {
      "name": "NpmDetector"
    },
    {
      "name": "PrivateKeyDetector"
    },
    {
      "name": "SlackDetector"
    },
    {
      "name": "SoftlayerDetector"
    },
    {
      "name": "SquareOAuthDetector"
    },
    {
      "name": "StripeDetector"
    },
    {
      "name": "TwilioKeyDetector"
    }
  ],
  "results": {
    "tests/fixtures/appworld_venmo_task_trajectory.json": [
      {
        "hashed_secret": "ddead2bef80cde7143be1acb5600dbee65f64cdd",
        "is_verified": false,
        "line_number": 103,
        "type": "Secret Keyword",
        "verified_result": null
      },
      {
        "hashed_secret": "ae15cc56d129e85973a434c006f2e9f17568ded1",
        "is_verified": false,
        "line_number": 116,
        "type": "JSON Web Token",
        "verified_result": null
      },
      {
        "hashed_secret": "d28a2811e635ae7acee20cf47152ae433482989e",
        "is_verified": false,
        "line_number": 167,
        "type": "Secret Keyword",
        "verified_result": null
      },
      {
        "hashed_secret": "89d239a62547548e4a70d8f470e58f46baac86a4",
        "is_verified": false,
        "line_number": 180,
        "type": "JSON Web Token",
        "verified_result": null
      }
    ]
  },
  "version": "0.13.1+ibm.64.dss",
  "word_list": {
    "file": null,
    "hash": null
  }
}
